AMMO.ACM
AMMO2.ACM
ANIMAL.ACM
ANIMAL1.ACM
BANGPIP1.ACM
BANGPIPE.ACM
BATS.ACM
BATS1.ACM
BEER.ACM
BELLTOL1.ACM
BELLTOLL.ACM
BIGBOX2.ACM
BIGWIN.ACM
BIGWIN1.ACM
BLANK.ACM
BOX2.ACM
BOXBELL1.ACM
BOXBELL2.ACM
BRDCHIR1.ACM
BRDCHIRP.ACM
BRDSWELL.ACM
BUTIN1.ACM
BUTIN2.ACM
BUTIN3.ACM
BUTIN4.ACM
BUTOUT1.ACM
BUTOUT2.ACM
BUTOUT3.ACM
BUTOUT4.ACM
CAMERA.ACM
CARREPAR.ACM
CARSTART.ACM
CENSOR.ACM
CHEMICA1.ACM
CHEMICAL.ACM
CHIMES.ACM
CHIMES1.ACM
CLANG.ACM
CLANG1.ACM
CLANK.ACM
CLANK1.ACM
CLUB.ACM
CMBTFLX.ACM
COOLANT.ACM
CRANE.ACM
CRICKET.ACM
CRICKET1.ACM
DICE.ACM
DICE1.ACM
DOGBARK.ACM
DOGBARK1.ACM
DOGBARK2.ACM
DRUNKLA1.ACM
DRUNKLAF.ACM
DYNAMITE.ACM
ELECTRI1.ACM
ELECTRIC.ACM
ELEVATO1.ACM
ELEVATOR.ACM
ELV1_1.ACM
ELV1_2.ACM
ELV1_3.ACM
ELV2_3.ACM
FIXSTILL.ACM
FLAMETHR.ACM
FLARE.ACM
FLRTRAP.ACM
FOOTSTE1.ACM
FOOTSTEP.ACM
GEIGER.ACM
GNTLWIN1.ACM
GNTLWIND.ACM
GUSTWIN1.ACM
GUSTWIND.ACM
HFXXXXAA.ACM
HFXXXXAO.acm
HFXXXXAP.acm
HFXXXXBA.ACM
HFXXXXBB.ACM
HFXXXXBD.ACM
HFXXXXBE.ACM
HFXXXXBF.ACM
HFXXXXBG.ACM
HFXXXXBH.ACM
HFXXXXBI.ACM
HFXXXXBK.ACM
HFXXXXBM.ACM
HFXXXXCH.ACM
HFXXXXCJ.ACM
HFXXXXDE.ACM
HFXXXXED.ACM
HFXXXXEE.ACM
HFXXXXFE.ACM
HFXXXXGE.ACM
HFXXXXHD.ACM
HFXXXXHE.ACM
HFXXXXIE.ACM
HFXXXXJE.ACM
HFXXXXKE.ACM
HFXXXXLE.ACM
HFXXXXMA.ACM
HFXXXXME.ACM
HFXXXXYA.ACM
HFXXXXYB.ACM
HFXXXXZA.ACM
HFXXXXZB.ACM
HMGZMOHD.ACM
HMXXXXAA.ACM
HMXXXXAE.ACM
HMXXXXAN.acm
HMXXXXAO.acm
HMXXXXAP.acm
HMXXXXAQ.acm
HMXXXXAR.acm
HMXXXXBA.ACM
HMXXXXBB.ACM
HMXXXXBD.ACM
HMXXXXBE.ACM
HMXXXXBF.acm
HMXXXXBG.acm
HMXXXXBH.ACM
HMXXXXBI.ACM
HMXXXXBJ.ACM
HMXXXXBK.ACM
HMXXXXBL.ACM
HMXXXXBM.ACM
HMXXXXBN.ACM
HMXXXXCH.ACM
HMXXXXCJ.ACM
HMXXXXDA.ACM
HMXXXXDC.ACM
HMXXXXDD.ACM
HMXXXXDE.ACM
HMXXXXEA.ACM
HMXXXXEC.ACM
HMXXXXED.ACM
HMXXXXEE.ACM
HMXXXXFA.ACM
HMXXXXFC.ACM
HMXXXXFD.ACM
HMXXXXFE.ACM
HMXXXXGA.ACM
HMXXXXGC.ACM
HMXXXXGD.ACM
HMXXXXGE.ACM
HMXXXXHA.ACM
HMXXXXHC.ACM
HMXXXXHD.ACM
HMXXXXHE.ACM
HMXXXXIA.ACM
HMXXXXIC.acm
HMXXXXID.acm
HMXXXXIE.ACM
HMXXXXJA.ACM
HMXXXXJC.ACM
HMXXXXJD.ACM
HMXXXXJE.ACM
HMXXXXKA.ACM
HMXXXXKC.ACM
HMXXXXKD.ACM
HMXXXXKE.ACM
HMXXXXLC.acm
HMXXXXLD.acm
HMXXXXLE.ACM
HMXXXXMA.ACM
HMXXXXMC.ACM
HMXXXXMD.ACM
HMXXXXME.ACM
HMXXXXYA.ACM
HMXXXXYB.ACM
HMXXXXZA.acm
HMXXXXZB.ACM
HMXXXXZQ.acm
HMXXXXZR.acm
HOWITZER.ACM
IACCUXX1.ACM
IB1LU1X1.ACM
IB1P1XX1.ACM
IB2LU1X1.ACM
IB2P1XX1.ACM
IB3LU1X1.ACM
IB3P1XX1.ACM
ICCNTNRA.ACM
ICCNTNRB.ACM
ICCNTNRC.ACM
ICCNTNRD.ACM
ICCNTNRE.ACM
ICIBCXX1.ACM
ICIBOXX1.ACM
ICOMBAT1.ACM
ICOMBAT2.ACM
ICSXXXX1.ACM
IISXXXX1.ACM
ILCNTNRA.ACM
ILCNTNRB.ACM
ILCNTNRC.ACM
ILCNTNRD.ACM
INCNTNRA.ACM
INCNTNRB.ACM
INCNTNRC.ACM
INCNTNRD.ACM
IOCNTNRA.ACM
IOCNTNRB.ACM
IOCNTNRC.ACM
IOCNTNRD.ACM
IOCNTNRE.ACM
IPICKUP1.ACM
IPUTDOWN.ACM
ISDXXXX1.ACM
JUPITER.ACM
KNIFE.ACM
LAUGHTE1.ACM
LAUGHTER.ACM
LEVELUP.ACM
LOOSER.ACM
LOSER.ACM
LTHARMOR.ACM
MAANTTAA.ACM
MAANTTAN.ACM
MAANTTAO.ACM
MAANTTAQ.ACM
MAANTTBA.ACM
MAANTTBE.ACM
MAANTTBF.ACM
MAANTTBI.ACM
MAANTTBL.ACM
MAANTTCJ.ACM
MAANTTYA.ACM
MAANTTZA.ACM
MAANTTZQ.ACM
MABOS2BA.ACM
MABOS2BB.ACM
MABOSSAA.ACM
MABOSSAN.ACM
MABOSSAO.ACM
MABOSSAP.ACM
MABOSSAQ.ACM
MABOSSAR.ACM
MABOSSAS.ACM
MABOSSBA.ACM
MABOSSBL.ACM
MABOSSCJ.ACM
MABOSSDA.ACM
MABOSSDC.ACM
MABOSSDD.ACM
MABOSSDE.ACM
MABOSSHC.ACM
MABOSSHD.ACM
MABOSSKA.ACM
MABOSSKC.ACM
MABOSSKD.ACM
MABOSSKE.ACM
MABOSSZA.ACM
MABOSSZQ.ACM
MABOSSZR.ACM
MABRANAA.ACM
MABRANAN.ACM
MABRANAO.ACM
MABRANAQ.ACM
MABRANBB.ACM
MABRANBD.ACM
MABRANBF.ACM
MABRANCH.ACM
MABRANYB.ACM
MABRANZB.ACM
MABRANZQ.ACM
MABROMAA.ACM
MABROMAO.acm
MABROMAP.ACM
MABROMAQ.acm
MABROMBA.ACM
MABROMBB.ACM
MABROMBE.acm
MABROMBF.ACM
MABROMBH.ACM
MABROMBI.ACM
MABROMBK.ACM
MABROMBL.ACM
MABROMCH.ACM
MABROMCJ.ACM
MABROMYA.ACM
MABROMYB.ACM
MABROMZA.ACM
MABROMZB.ACM
MABROMZQ.acm
MACLAWAA.ACM
MACLAWAK.ACM
MACLAWAO.ACM
MACLAWAP.ACM
MACLAWAQ.ACM
MACLAWBA.ACM
MACLAWBB.ACM
MACLAWBD.ACM
MACLAWBE.ACM
MACLAWBF.ACM
MACLAWBH.ACM
MACLAWBI.ACM
MACLAWBK.ACM
MACLAWCH.ACM
MACLAWCJ.ACM
MACLAWYA.ACM
MACLAWYB.ACM
MACLAWZA.ACM
MACLAWZB.ACM
MACLAWZQ.ACM
MACLW2AA.ACM
MACLW2AK.ACM
MACLW2AN.ACM
MACLW2AO.ACM
MACLW2AP.ACM
MACLW2AQ.ACM
MACLW2BA.ACM
MACLW2BB.ACM
MACLW2BD.ACM
MACLW2BE.ACM
MACLW2BF.ACM
MACLW2BH.ACM
MACLW2BI.ACM
MACLW2BK.ACM
MACLW2CH.ACM
MACLW2CJ.ACM
MACLW2YA.ACM
MACLW2YB.ACM
MACLW2ZA.ACM
MACLW2ZB.ACM
MACLW2ZQ.ACM
MACYBRAA.ACM
MACYBRAK.ACM
MACYBRAN.ACM
MACYBRAO.ACM
MACYBRAP.ACM
MACYBRAQ.ACM
MACYBRBA.ACM
MACYBRBB.ACM
MACYBRBF.ACM
MACYBRBI.ACM
MACYBRBL.ACM
MACYBRCH.ACM
MACYBRCJ.ACM
MACYBRYA.ACM
MACYBRYB.ACM
MACYBRZA.ACM
MACYBRZB.ACM
MACYBRZQ.ACM
MADDOGAA.ACM
MADDOGAO.acm
MADDOGAP.ACM
MADDOGAQ.acm
MADDOGBA.ACM
MADDOGBB.ACM
MADDOGBE.ACM
MADDOGBF.ACM
MADDOGBH.ACM
MADDOGBI.ACM
MADDOGBK.ACM
MADDOGBL.ACM
MADDOGCH.ACM
MADDOGCJ.ACM
MADDOGGR.acm
MADDOGYA.ACM
MADDOGYB.ACM
MADDOGZA.ACM
MADDOGZB.ACM
MADDOGZQ.acm
MADEGGBA.ACM
MADETHAA.ACM
MADETHAK.ACM
MADETHAO.ACM
MADETHAP.ACM
MADETHAQ.ACM
MADETHBA.ACM
MADETHBB.ACM
MADETHBD.ACM
MADETHBE.ACM
MADETHBF.ACM
MADETHBH.ACM
MADETHBI.ACM
MADETHBK.ACM
MADETHCH.ACM
MADETHCJ.ACM
MADETHYA.ACM
MADETHYB.ACM
MADETHZA.ACM
MADETHZB.ACM
MADETHZQ.ACM
MAFEYEAA.ACM
MAFEYEAN.ACM
MAFEYEAO.ACM
MAFEYEAP.ACM
MAFEYEAQ.ACM
MAFEYEBA.ACM
MAFEYEBB.ACM
MAFEYEBE.ACM
MAFEYEBF.ACM
MAFEYEBL.ACM
MAFEYECH.ACM
MAFEYECJ.ACM
MAFEYEYA.ACM
MAFEYEYB.ACM
MAFEYEZA.ACM
MAFEYEZB.ACM
MAFEYEZQ.ACM
MAFIREAA.ACM
MAFIREAN.ACM
MAFIREAO.ACM
MAFIREAP.ACM
MAFIREAQ.ACM
MAFIREAR.ACM
MAFIREBA.ACM
MAFIREBB.ACM
MAFIREBD.ACM
MAFIREBF.ACM
MAFIREBG.ACM
MAFIREBI.ACM
MAFIREBL.ACM
MAFIRECH.ACM
MAFIRECJ.ACM
MAFIREZA.ACM
MAFIREZB.ACM
MAFIREZQ.ACM
MAFIREZR.ACM
MAGCKOAA.ACM
MAGCKOAN.ACM
MAGCKOAO.ACM
MAGCKOAP.ACM
MAGCKOAQ.ACM
MAGCKOAR.ACM
MAGCKOBA.ACM
MAGCKOBB.ACM
MAGCKOBD.ACM
MAGCKOBE.ACM
MAGCKOBF.ACM
MAGCKOBG.ACM
MAGCKOBI.ACM
MAGCKOBL.ACM
MAGCKOBM.ACM
MAGCKOCH.ACM
MAGCKOCJ.ACM
MAGCKOYA.ACM
MAGCKOYB.ACM
MAGCKOZA.ACM
MAGCKOZB.ACM
MAGCKOZQ.ACM
MAGCKOZR.ACM
MAGKO2AA.ACM
MAGKO2AN.ACM
MAGKO2AO.ACM
MAGKO2AP.ACM
MAGKO2AQ.ACM
MAGKO2AR.ACM
MAGKO2BA.ACM
MAGKO2BB.ACM
MAGKO2BD.ACM
MAGKO2BE.ACM
MAGKO2BF.ACM
MAGKO2BG.ACM
MAGKO2BI.ACM
MAGKO2BL.ACM
MAGKO2BM.ACM
MAGKO2CH.ACM
MAGKO2CJ.ACM
MAGKO2YA.ACM
MAGKO2YB.ACM
MAGKO2ZA.ACM
MAGKO2ZB.ACM
MAGKO2ZQ.ACM
MAGKO2ZR.ACM
magun2ao.acm
magun2AP.acm
magun2BA.acm
magun2cj.acm
magun2YA.acm
magun2ZA.acm
MAGUNNAO.ACM
MAGUNNAP.ACM
MAGUNNBA.ACM
MAGUNNCJ.ACM
MAGUNNLC.ACM
MAGUNNLD.ACM
MAGUNNYA.ACM
MAGUNNZA.ACM
MAHANDAA.ACM
MAHANDAO.ACM
MAHANDAQ.ACM
MAHANDBA.ACM
MAHANDBK.ACM
MAHANDBL.ACM
MAHANDCJ.ACM
MAHANDKA.ACM
MAHANDKC.ACM
MAHANDKD.ACM
MAHANDKE.ACM
MAHANDLA.ACM
MAHANDLC.ACM
MAHANDLD.ACM
MAHANDLE.ACM
MAHANDYA.ACM
MAHANDZA.ACM
MAHANDZQ.ACM
MALIENAA.ACM
MALIENAN.ACM
MALIENAO.ACM
MALIENAP.ACM
MALIENAQ.ACM
MALIENAR.ACM
MALIENBA.ACM
MALIENBB.ACM
MALIENBD.ACM
MALIENBE.ACM
MALIENBF.ACM
MALIENBG.ACM
MALIENBH.ACM
MALIENBI.ACM
MALIENBK.ACM
MALIENBL.ACM
MALIENBM.ACM
MALIENCH.ACM
MALIENCJ.ACM
MALIENYA.ACM
MALIENYB.ACM
MALIENZA.ACM
MALIENZB.ACM
MALIENZQ.ACM
MALIENZR.ACM
MALIEUAA.ACM
MALIEUBL.ACM
MAMANTAA.ACM
MAMANTAN.ACM
MAMANTAO.ACM
MAMANTAQ.ACM
MAMANTBA.ACM
MAMANTBE.ACM
MAMANTBF.ACM
MAMANTBI.ACM
MAMANTBL.ACM
MAMANTCJ.ACM
MAMANTYA.ACM
MAMANTZA.ACM
MAMANTZQ.ACM
MAMDNTBF.ACM
MAMRATAA.ACM
MAMRATAO.ACM
MAMRATAQ.ACM
MAMRATBA.ACM
MAMRATBB.ACM
MAMRATBD.ACM
MAMRATBE.ACM
MAMRATBF.ACM
MAMRATBH.ACM
MAMRATCJ.ACM
MAMRATYA.ACM
MAMRATYB.ACM
MAMRATZA.ACM
MAMRATZB.ACM
MAMRATZQ.ACM
MAMSTRAO.ACM
MAMSTRBL.ACM
MAMSTRLC.ACM
MAMTN2AA.ACM
MAMTNTAA.ACM
MAMTNTAN.ACM
MAMTNTAO.ACM
MAMTNTAP.ACM
MAMTNTAQ.ACM
MAMTNTBA.ACM
MAMTNTBB.ACM
MAMTNTBD.ACM
MAMTNTBE.ACM
MAMTNTBF.ACM
MAMTNTBG.ACM
MAMTNTBH.ACM
MAMTNTBI.ACM
MAMTNTBJ.ACM
MAMTNTBK.ACM
MAMTNTBL.ACM
MAMTNTBM.ACM
MAMTNTBN.ACM
MAMTNTCH.ACM
MAMTNTCJ.ACM
MAMTNTKA.ACM
MAMTNTKC.ACM
MAMTNTKD.ACM
MAMTNTKE.ACM
MAMTNTLA.ACM
MAMTNTLC.ACM
MAMTNTLD.ACM
MAMTNTLE.ACM
MAMTNTMA.ACM
MAMTNTMC.ACM
MAMTNTMD.ACM
MAMTNTME.ACM
MAMTNTYA.ACM
MAMTNTYB.ACM
MAMTNTZA.ACM
MAMTNTZB.ACM
MAMTNTZQ.ACM
MAMURTAA.ACM
MAMURTAN.ACM
MAMURTAO.ACM
MAMURTAQ.ACM
MAMURTBA.ACM
MAMURTBD.ACM
MAMURTBE.ACM
MAMURTBF.ACM
MAMURTCJ.ACM
MAMURTYA.ACM
MAMURTZA.ACM
MAQUENAA.ACM
MAQUENAN.ACM
MAQUENAO.ACM
MAQUENAP.ACM
MAQUENAQ.ACM
MAQUENAR.ACM
MAQUENBA.ACM
MAQUENBB.ACM
MAQUENBD.ACM
MAQUENBE.ACM
MAQUENBF.ACM
MAQUENBG.ACM
MAQUENBI.ACM
MAQUENBK.ACM
MAQUENBL.ACM
MAQUENBM.ACM
MAQUENCH.ACM
MAQUENCJ.ACM
MAQUENZA.ACM
MAQUENZB.ACM
MAQUENZQ.ACM
MAQUENZR.ACM
MAROBEAO.ACM
MAROBEBA.ACM
MAROBECJ.ACM
MAROBEYA.ACM
MAROBEZA.ACM
MAROBOAA.ACM
MAROBOAN.ACM
MAROBOAO.ACM
MAROBOAP.ACM
MAROBOAQ.ACM
MAROBOBA.ACM
MAROBOBL.ACM
MAROBOCJ.ACM
MAROBOIA.ACM
MAROBOIC.ACM
MAROBOID.ACM
MAROBOIE.ACM
MAROBOJA.ACM
MAROBOJC.ACM
MAROBOJD.ACM
MAROBOJE.ACM
MAROBOYA.ACM
MAROBOZA.ACM
MAROBOZQ.ACM
MAROBTAA.ACM
MAROBTAN.ACM
MAROBTAO.ACM
MAROBTAP.ACM
MAROBTAQ.ACM
MAROBTBA.ACM
MAROBTBB.ACM
MAROBTBD.ACM
MAROBTBI.ACM
MAROBTBL.ACM
MAROBTCH.ACM
MAROBTCJ.ACM
MAROBTLC.ACM
MAROBTMC.ACM
MAROBTYA.ACM
MAROBTYB.ACM
MAROBTZA.ACM
MAROBTZB.ACM
MAROBTZQ.ACM
MASCP2AA.ACM
MASCP2AN.ACM
MASCP2AO.ACM
MASCP2AQ.ACM
MASCP2BA.ACM
MASCP2BE.ACM
MASCP2BH.ACM
MASCP2BK.ACM
MASCP2BL.ACM
MASCP2CJ.ACM
MASCP2YA.ACM
MASCP2ZA.ACM
MASCP2ZQ.ACM
MASCRPAA.ACM
MASCRPAO.ACM
MASCRPAQ.ACM
MASCRPBA.ACM
MASCRPBE.ACM
MASCRPBH.ACM
MASCRPBK.ACM
MASCRPBL.ACM
MASCRPCJ.ACM
MASCRPYA.ACM
MASCRPZA.ACM
MASCRPZQ.ACM
MASPHNAA.ACM
MASPHNAO.ACM
MASPHNAP.ACM
MASPHNAQ.ACM
MASPHNBA.ACM
MASPHNBB.ACM
MASPHNBE.ACM
MASPHNBG.ACM
MASPHNBH.ACM
MASPHNBI.ACM
MASPHNBK.ACM
MASPHNBL.ACM
MASPHNCH.ACM
MASPHNCJ.ACM
MASPHNYA.ACM
MASPHNYB.ACM
MASPHNZA.ACM
MASPHNZB.ACM
MASPHNZQ.ACM
MASRATAO.ACM
MASRATAQ.ACM
MASRATBA.ACM
MASRATBD.ACM
MASRATBE.ACM
MASRATBF.ACM
MASRATBH.ACM
MASRATBK.ACM
MASRATBL.ACM
MASRATCJ.ACM
MASRATYA.ACM
MASRATZA.ACM
MASRATZQ.ACM
MASTRABL.ACM
MATHNGAA.ACM
MATHNGAO.ACM
MATHNGAQ.ACM
MATHNGBA.ACM
MATHNGBE.ACM
MATHNGBG.ACM
MATHNGBH.ACM
MATHNGBI.ACM
MATHNGBK.ACM
MATHNGBL.ACM
MATHNGBM.ACM
MATHNGCH.ACM
MATHNGCJ.ACM
MATHNGYA.ACM
MATHNGZA.ACM
MATHNGZQ.ACM
MAXFLR.ACM
MECHPUM1.ACM
MECHPUMP.ACM
MENUBUT1.acm
MINIGUN.ACM
MONITOR.ACM
MTLARMOR.ACM
NACHLDAO.ACM
NACHLDAP.ACM
NACHLDAQ.ACM
NACHLDAR.ACM
NACHLDBA.ACM
NACHLDBB.ACM
NACHLDBD.ACM
NACHLDBF.ACM
NACHLDBG.ACM
NACHLDBH.ACM
NACHLDBI.ACM
NACHLDBJ.ACM
NACHLDBK.ACM
NACHLDBL.ACM
NACHLDBM.ACM
NACHLDBN.ACM
NACHLDCH.ACM
NACHLDCJ.ACM
NACHLDYA.ACM
NACHLDYB.ACM
NACHLDZA.ACM
NACHLDZB.ACM
NACHLDZQ.ACM
NACHLDZR.ACM
NAGHULAN.ACM
NAGHULAO.ACM
NAGHULAP.ACM
NAGHULBA.ACM
NAGHULBB.ACM
NAGHULBD.ACM
NAGHULBE.ACM
NAGHULBF.ACM
NAGHULBG.ACM
NAGHULBH.ACM
NAGHULBI.ACM
NAGHULBK.ACM
NAGHULCH.ACM
NAGHULCJ.ACM
NAGHULDE.ACM
NAGHULEE.ACM
NAGHULFE.ACM
NAGHULGE.ACM
NAGHULHE.ACM
NAGHULIE.ACM
NAGHULJE.ACM
NAGHULKE.ACM
NAGHULLE.ACM
NAGHULME.ACM
NAGHULYA.ACM
NAGHULYB.ACM
NAGHULZA.ACM
NAGHULZB.ACM
NEPTUNE.ACM
NMGZMOAN.ACM
NMGZMOAO.ACM
NMGZMOBA.ACM
NMGZMOBD.ACM
NMGZMOCJ.ACM
NMGZMOHA.ACM
NMGZMOHC.ACM
NMGZMOHD.ACM
NMGZMOHE.ACM
NMGZMOYA.ACM
NMGZMOZA.ACM
NMOVERLC.ACM
NMOVR2BA.ACM
NMOVR2BL.ACM
NMSELEC0.ACM
NMSELEC1.ACM
ORE.ACM
ORE1.ACM
PEBBLE.ACM
PEBBLE1.ACM
PICKKEYS.ACM
PISTOL.ACM
PLUTO.ACM
POTSPAN1.ACM
POTSPANS.ACM
PUDDLE.ACM
PUDDLE1.ACM
PWRARMOR.ACM
PWRSWTCH.ACM
RATTLE.ACM
RATTLE1.ACM
RIFLE.ACM
RLAUNCH.ACM
ROBE.ACM
ROCK.ACM
ROPE.ACM
ROPEWELL.ACM
RSHELL.ACM
SALOON.ACM
SALOON1.ACM
SATURN.ACM
SCBVXXX1.acm
SCDOORSA.ACM
SCDOORSB.ACM
SCDOORSC.ACM
SCDOORSD.ACM
SCDOORSE.ACM
SCDOORSF.ACM
SCDOORSG.ACM
SCDOORSH.ACM
SCDOORSI.ACM
SCDOORSJ.ACM
SCDOORSK.ACM
SCDOORSL.ACM
SCDOORSM.ACM
SCDOORSN.ACM
SCDOORSO.ACM
SCDOORSP.ACM
SCDOORSQ.ACM
SCDOORSR.ACM
SCDOORSS.ACM
SCDOORST.ACM
SCOWDCX1.acm
SCOWDOX1.acm
SCWDCXX1.acm
SCWDOXX1.acm
SEAGULL.ACM
SEAGULL1.ACM
SEAWIND.ACM
SEAWIND1.ACM
SELEVDX1.ACM
SELEVUX1.ACM
SHOTS.ACM
SHOTS1.ACM
SHUFFLE.ACM
SKEYBUZ1.ACM
SKEYWIP1.ACM
SLDOORSA.ACM
SLDOORSB.ACM
SLDOORSC.ACM
SLDOORSD.ACM
SLDOORSE.ACM
SLDOORSF.ACM
SLDOORSG.ACM
SLDOORSH.ACM
SLDOORSJ.ACM
SLDOORSK.ACM
SLDOORSO.ACM
SLDOORSQ.ACM
SLDOORSR.ACM
SLDOORSS.ACM
SLDOORST.ACM
SLEDGE.ACM
SNDOORSA.ACM
SNDOORSB.ACM
SNDOORSC.ACM
SNDOORSD.ACM
SNDOORSE.ACM
SNDOORSF.ACM
SNDOORSG.ACM
SNDOORSH.ACM
SNDOORSJ.ACM
SNDOORSK.ACM
SNDOORSQ.ACM
SNDOORSR.ACM
SNDOORST.ACM
SODOORSA.ACM
SODOORSB.ACM
SODOORSC.ACM
SODOORSD.ACM
SODOORSE.ACM
SODOORSF.ACM
SODOORSG.ACM
SODOORSH.ACM
SODOORSI.ACM
SODOORSJ.ACM
SODOORSK.ACM
SODOORSL.ACM
SODOORSM.ACM
SODOORSN.ACM
SODOORSO.ACM
SODOORSP.ACM
SODOORSQ.ACM
SODOORSR.ACM
SODOORSS.ACM
SODOORST.ACM
SPEAR.ACM
SPRTRAP.ACM
SQUEAK.ACM
SQUEAK1.ACM
SREFCLX1.acm
SREFOPX1.acm
STARDIS1.ACM
STEAM.ACM
STEAM1.ACM
SWDKEYX1.ACM
TANKS.ACM
TEST.ACM
TOGGLE.ACM
URANIUM.ACM
UZI.ACM
VULTURE.ACM
VULTURE1.ACM
WA!1XXX1.ACM
WA!1XXX2.ACM
wA#1XXX1.acm
wA#1XXX2.acm
wA#2XXX1.acm
wA#2XXX2.acm
WA$1XXX1.ACM
WA$1XXX2.ACM
WA$2XXX1.ACM
WA$2XXX2.ACM
WA01XXX1.ACM
WA01XXX2.ACM
WA02XXX1.ACM
WA02XXX2.ACM
WA11XXX1.ACM
WA21XXX1.ACM
WA21XXX2.ACM
WA22FXX1.ACM
WA31XXX1.ACM
WA31XXX2.ACM
WA32XXX1.ACM
WA32XXX2.ACM
WA41XXX1.ACM
WA42XXX1.ACM
WA42XXX2.ACM
WA51XXX1.ACM
WA52XXX1.ACM
WA61XXX1.ACM
WA62XXX1.ACM
WA71XXX1.ACM
WA72XXX1.ACM
WA81XXX1.ACM
WA82XXX1.ACM
WA91XXX1.ACM
WA92XXX1.ACM
WA@1XXX1.ACM
WA@1XXX2.ACM
WA@2XXX1.ACM
WA@2XXX2.ACM
WAA1XXX1.ACM
WAA1XXX2.ACM
WAB1XXX1.ACM
WAB1XXX2.ACM
WAB1XXX3.ACM
WAC1XXX1.ACM
WAC1XXX2.ACM
WAD1XXX1.acm
WAD1XXX2.acm
WAD2XXX1.acm
WAD2XXX2.acm
WAE1XXX1.ACM
WAE1XXX2.ACM
WAF1XXX1.ACM
WAF1XXX2.ACM
WAG1XXX1.ACM
WAG1XXX2.ACM
WAH1XXX1.ACM
WAH1XXX2.ACM
WAH2XXX1.ACM
WAH2XXX2.ACM
WAI1XXX1.ACM
WAI1XXX2.ACM
WAJ1XXX1.ACM
WAJ1XXX2.ACM
WAK1XXX1.ACM
WAK1XXX2.ACM
WAL1XXX1.acm
WAL1XXX2.acm
WAM1XXX1.ACM
WAM1XXX2.ACM
WAM2XXX1.ACM
WAN1XXX1.ACM
WAN1XXX2.ACM
WAO1XXX1.ACM
WAP1XXX1.ACM
WAQ1XXX1.ACM
WAR1XXX1.ACM
WAR1XXX2.ACM
WAR2XXX1.ACM
WAS1XXX1.ACM
WAS1XXX2.ACM
WATER.ACM
WATER1.ACM
WAU1XXX1.ACM
WAU1XXX2.ACM
WAV1XXX1.ACM
WAV1XXX2.ACM
WAVES.ACM
WAVES1.ACM
WAW1XXX1.ACM
WAW1XXX2.ACM
WAX1XXX1.ACM
WAX1XXX2.ACM
WAY1XXX1.ACM
WAY1XXX2.ACM
WAZ1XXX1.ACM
WAZ1XXX2.ACM
WEPNBOX.ACM
WF21XXX1.ACM
WF41XXX1.ACM
WFN1XXX1.ACM
WFO1XXX1.ACM
WFP1XXX1.ACM
WFQ1XXX1.ACM
wH#1FXX1.acm
wH#1FXX2.acm
wH#1MXX1.acm
wH#1MXX2.acm
wH#1SXX1.acm
wH#1SXX2.acm
wH#1WXX1.acm
wH#1WXX2.acm
wH#2FXX1.acm
wH#2FXX2.acm
wH#2MXX1.acm
wH#2MXX2.acm
wH#2SXX1.acm
wH#2SXX2.acm
wH#2WXX1.acm
wH#2WXX2.acm
WH$1FXX1.ACM
WH$1FXX2.ACM
WH$2FXX1.ACM
WH$2FXX2.ACM
WH01FXX1.ACM
WH02FXX1.ACM
WH11FXX1.ACM
WH21FXX1.ACM
WH21FXX2.ACM
WH21MXX1.ACM
WH21MXX2.ACM
WH21SXX1.ACM
WH21SXX2.ACM
WH21WXX1.ACM
WH21WXX2.ACM
WH31FXX1.ACM
WH31FXX2.ACM
WH31MXX1.ACM
WH31MXX2.ACM
WH32FXX1.ACM
WH32FXX2.ACM
WH32MXX1.ACM
WH32WXX1.ACM
WH32WXX2.ACM
WH41FXX1.ACM
WH41MXX1.ACM
WH41WXX1.ACM
WH41WXX2.ACM
WH42FXX1.ACM
WH42FXX2.ACM
WH42MXX1.ACM
WH42SXX1.ACM
WH42WXX1.ACM
WH51FXX1.ACM
WH51MXX1.ACM
WH52FXX1.ACM
WH52MXX1.ACM
WH61FXX1.ACM
WH61MXX1.ACM
WH62FXX1.ACM
WH62MXX1.ACM
WH71FXX1.ACM
WH71MXX1.ACM
WH72FXX1.ACM
WH72MXX1.ACM
WH81FXX1.ACM
WH81FXX2.ACM
WH81MXX1.ACM
WH81MXX2.ACM
WH82FXX1.ACM
WH82MXX1.ACM
WH82SXX1.ACM
WH82WXX1.ACM
WH91FXX1.ACM
WH92FXX1.ACM
WH@1MXX1.ACM
WH@1MXX2.ACM
WH@2MXX1.ACM
WH@2MXX2.ACM
WHA1FXX1.ACM
WHA1FXX2.ACM
WHA1MXX1.ACM
WHA1MXX2.ACM
WHA1SXX1.ACM
WHA1SXX2.ACM
WHA1WXX1.ACM
WHA1WXX2.ACM
WHB1FXX1.ACM
WHB1FXX2.ACM
WHB1MXX1.ACM
WHB1MXX2.ACM
WHB1SXX1.ACM
WHB1SXX2.ACM
WHB1WXX1.ACM
WHB1WXX2.ACM
WHC1FXX1.ACM
WHC1FXX2.ACM
WHC1MXX1.ACM
WHC1MXX2.ACM
WHC1SXX1.ACM
WHC1SXX2.ACM
WHC1WXX1.ACM
WHC1WXX2.ACM
WHD1FXX1.acm
WHD1FXX2.acm
WHD1MXX1.acm
WHD1MXX2.acm
WHD1SXX1.acm
WHD1SXX2.acm
WHD1WXX1.acm
WHD1WXX2.acm
WHD2FXX1.acm
WHD2FXX2.acm
WHD2MXX1.acm
WHD2MXX2.acm
WHD2SXX1.acm
WHD2SXX2.acm
WHD2WXX1.acm
WHD2WXX2.acm
WHE1FXX1.ACM
WHE1FXX2.ACM
WHE1MXX1.ACM
WHE1MXX2.ACM
WHE1SXX1.ACM
WHE1SXX2.ACM
WHE1WXX1.ACM
WHE1WXX2.ACM
WHF1XXX1.ACM
WHG1FXX1.ACM
WHG1FXX2.ACM
WHG1MXX1.ACM
WHG1MXX2.ACM
WHG1SXX1.ACM
WHG1SXX2.ACM
WHG1WXX1.ACM
WHG1WXX2.ACM
WHH1FXX1.ACM
WHH1FXX2.ACM
WHH1MXX1.ACM
WHH1MXX2.ACM
WHH1SXX1.ACM
WHH1SXX2.ACM
WHH1WXX1.ACM
WHH1WXX2.ACM
WHH2FXX1.ACM
WHH2FXX2.ACM
WHH2MXX1.ACM
WHH2MXX2.ACM
WHH2SXX1.ACM
WHH2SXX2.ACM
WHH2WXX1.ACM
WHH2WXX2.ACM
WHJ1FXX1.ACM
WHJ1FXX2.ACM
WHJ1MXX1.ACM
WHJ1MXX2.ACM
WHJ1SXX1.ACM
WHJ1SXX2.ACM
WHJ1WXX1.ACM
WHJ1WXX2.ACM
WHK1XXX1.ACM
WHL1FXX1.acm
WHL1FXX2.acm
WHL1MXX1.acm
WHL1MXX2.acm
WHL1SXX1.acm
WHL1SXX2.acm
WHL1WXX1.acm
WHL1WXX2.acm
WHM1FXX1.ACM
WHM1FXX2.ACM
WHM1MXX1.ACM
WHM1MXX2.ACM
WHM1SXX1.ACM
WHM1SXX2.ACM
WHM1WXX1.ACM
WHM1WXX2.ACM
WHN1XXX1.ACM
WHN1XXX2.ACM
WHO1XXX1.ACM
WHO1XXX2.ACM
WHP1XXX1.ACM
WHQ1XXX1.ACM
WHR1FXX1.ACM
WHR1FXX2.ACM
WHR1MXX1.ACM
WHR1MXX2.ACM
WHR1SXX1.ACM
WHR1SXX2.ACM
WHR1WXX1.ACM
WHR1WXX2.ACM
WHS1FXX1.ACM
WHS1FXX2.ACM
WHS1MXX1.ACM
WHS1MXX2.ACM
WHS1SXX1.ACM
WHS1WXX1.ACM
WHS1WXX2.ACM
WHU1FXX1.ACM
WHU1FXX2.ACM
WHU1MXX1.ACM
WHU1MXX2.ACM
WHU1SXX1.ACM
WHU1SXX2.ACM
WHU1WXX1.ACM
WHU1WXX2.ACM
WHV1FXX1.ACM
WHV1FXX2.ACM
WHV1MXX1.ACM
WHV1MXX2.ACM
WHV1SXX1.ACM
WHV1SXX2.ACM
WHV1WXX1.ACM
WHV1WXX2.ACM
WHW1FXX1.ACM
WHW1FXX2.ACM
WHW1MXX1.ACM
WHW1MXX2.ACM
WHW1SXX1.ACM
WHW1SXX2.ACM
WHW1WXX1.ACM
WHW1WXX2.ACM
WHX1FXX1.ACM
WHX1FXX2.ACM
WHX1MXX1.ACM
WHX1MXX2.ACM
WHX1SXX1.ACM
WHX1SXX2.ACM
WHX1WXX1.ACM
WHX1WXX2.ACM
WHY1FXX1.ACM
WHY1FXX2.ACM
WHY1MXX1.ACM
WHY1MXX2.ACM
WHY1SXX1.ACM
WHY1SXX2.ACM
WHY1WXX1.ACM
WHY1WXX2.ACM
WHZ1FXX1.ACM
WHZ1FXX2.ACM
WHZ1MXX1.ACM
WHZ1MXX2.ACM
WHZ1SXX1.ACM
WHZ1SXX2.ACM
WHZ1WXX1.ACM
WHZ1WXX2.ACM
WINDDOO1.ACM
WINDDOOR.ACM
WINNER.ACM
wO#1XXX1.ACM
WO#XXXX1.ACM
WO@1XXX1.ACM
WO@XXXX1.ACM
WOA1XXX1.ACM
WOB1XXX1.ACM
WOC1XXX1.ACM
WOD1XXX1.ACM
WOE1XXX1.ACM
WOF1XXX1.ACM
WOG1XXX1.ACM
WOH1XXX1.ACM
WOI1XXX1.ACM
WOJ1XXX1.ACM
WOK1XXX1.ACM
WOL1XXX1.ACM
WOM1XXX1.ACM
WON1XXX1.ACM
WOR1XXX1.ACM
WOS1XXX1.ACM
WOU1XXX1.ACM
WOV1XXX1.ACM
WOVXXXX1.ACM
WOW1XXX1.ACM
WOWXXXX1.ACM
WOX1XXX1.ACM
WOXXXXX1.ACM
WOY1XXX1.ACM
WOYXXXX1.ACM
WOZ1XXX1.ACM
WOZXXXX1.ACM
wR#1XXX1.ACM
WR#XXXX1.ACM
WR@1XXX1.ACM
WR@XXXX1.ACM
WRA1XXX1.ACM
WRB1XXX1.ACM
WRC1XXX1.ACM
WRD1XXX1.ACM
WRE1XXX1.ACM
WRF1XXX1.ACM
WRG1XXX1.ACM
WRH1XXX1.ACM
WRI1XXX1.ACM
WRJ1XXX1.ACM
WRK1XXX1.ACM
WRL1XXX1.ACM
WRM1XXX1.ACM
WRN1XXX1.ACM
WRR1XXX1.ACM
WRS1XXX1.ACM
WRU1XXX1.ACM
WRUXXXX1.ACM
WRV1XXX1.ACM
WRVXXXX1.ACM
WRW1XXX1.ACM
WRX1XXX1.ACM
WRXXXXX1.ACM
WRY1XXX1.ACM
WRYXXXX1.ACM
WRZ1XXX1.ACM
WRZXXXX1.ACM
WWHNXXX2.ACM
ZAPPER.ACM
ZAPPER1.ACM
ZIPPER.ACM