#
# Critter parameters
#

0      art\skilldex\spec_str.png  # Strength     (Basic Stat)
1      art\skilldex\spec_per.png  # Perception   (Basic Stat)
2      art\skilldex\spec_end.png  # Endurance    (Basic Stat)
3      art\skilldex\spec_cha.png  # Charisma     (Basic Stat)
4      art\skilldex\spec_int.png  # Intelligence (Basic Stat)
5      art\skilldex\spec_agi.png  # Agility      (Basic Stat)
6      art\skilldex\spec_lck.png  # Luck         (Basic Stat)

7      art\skilldex\ct_hitpt.png  # Hit Points
8      art\skilldex\ct_actpt.png  # Action Points
9      art\skilldex\ct_armcl.png  # Armor Class
10     art\skilldex\ct_meldm.png  # Melee Damage
11     art\skilldex\ct_carry.png  # Carry Weight (Carry Amount)
12     art\skilldex\ct_seque.png  # Sequence
13     art\skilldex\ct_hrate.png  # Healing Rate
14     art\skilldex\ct_crchn.png  # Critical Chance
23     art\skilldex\ct_damre.png  # Damage Resistance
30     art\skilldex\ct_radre.png  # Radiation resist
31     art\skilldex\ct_psnre.png  # Poison Resistance
72     art\skilldex\ct_hitpt.png  # Hit Points
73     art\skilldex\ct_pslvl.png  # Poison level
74     art\skilldex\ct_raded.png  # Radiation level
76     art\skilldex\ct_exper.png  # Experience
77     art\skilldex\ct_level.png  # Level

200    art\skilldex\sk_gunsm.png  # Small Guns
201    art\skilldex\sk_gunbg.png  # Big Guns
202    art\skilldex\sk_gunen.png  # Energy Weapons
203    art\skilldex\sk_unarm.png  # Close Combat
204    art\skilldex\sk_scave.png  # Scavenging
205    art\skilldex\sk_throw.png  # Throwing
206    art\skilldex\sk_fstad.png  # First Aid
207    art\skilldex\sk_dctor.png  # Doctor
208    art\skilldex\sk_sneak.png  # Sneak
209    art\skilldex\sk_lckpk.png  # Lockpick
210    art\skilldex\sk_steal.png  # Steal
211    art\skilldex\sk_traps.png  # Traps
212    art\skilldex\sk_scnce.png  # Science
213    art\skilldex\sk_repar.png  # Repair
214    art\skilldex\sk_spech.png  # Speech
215    art\skilldex\sk_bartr.png  # Barter
216    art\skilldex\sk_gambg.png  # Gambling
217    art\skilldex\sk_outdr.png  # Outdoorsman

260    art\skilldex\k_men.png     # Men
261    art\skilldex\k_women.png   # Women
262    art\skilldex\k_childr.png  # Children
263    art\skilldex\k_mutans.png  # Super Mutant
264    art\skilldex\k_ghouls.png  # Ghoul
265    art\skilldex\k_brahms.png  # Brahmin
266    art\skilldex\k_radsco.png  # Redscorpion
267    art\skilldex\k_rats.png    # Rat
268    art\skilldex\k_floats.png  # Floater
269    art\skilldex\k_centar.png  # Centaur
270    art\skilldex\k_robots.png  # Robot
271    art\skilldex\k_dogs.png    # Dog
272    art\skilldex\k_mantis.png  # Manti
273    art\skilldex\k_declaw.png  # Deathclaw
274    art\skilldex\k_plants.png  # Plant
275    art\skilldex\k_geckos.png  # Gecko
276    art\skilldex\k_aliens.png  # Alien
277    art\skilldex\k_ants.png    # Giant Ant
278    art\skilldex\ct_kills.png  # Big Bad Boss
279    art\skilldex\ct_kills.png  # Giant Beetle
280    art\skilldex\ct_kills.png  # Giant Wasp

300    art\skilldex\p_bkworm.png  # Bookworm
301    art\skilldex\p_awarns.png  # Awareness
302    art\skilldex\p_hd2hnd.png  # Bonus Hand-to-Hand Attacks
303    art\skilldex\p_hd2dmg.png  # Close Combat Master
304    art\skilldex\p_bonmov.png  # Bonus Move
305    art\skilldex\p_bonrdm.png  # Bonus Ranged Damage
306    art\skilldex\p_bonraf.png  # Bonus Rate of Attack
307    art\skilldex\p_erlseq.png  # Earlier Sequence
308    art\skilldex\p_healrt.png  # Faster Healing
309    art\skilldex\p_mrcrit.png  # More Criticals
310    art\skilldex\p_nghtvz.png  # Night Vision
311    art\skilldex\p_prsnce.png  # Presence
312    art\skilldex\p_radres.png  # Rad Resistance
313    art\skilldex\p_toughs.png  # Toughness
314    art\skilldex\p_packan.png  # Pack Animal
315    art\skilldex\p_shrpsh.png  # Sharpshooter
316    art\skilldex\p_slntrn.png  # Silent Running
317    art\skilldex\p_surviv.png  # Survivalist
318    art\skilldex\p_msttrd.png  # Master Trader
319    art\skilldex\p_educat.png  # Educated
320    art\skilldex\p_medic.png   # Field Medic
321    art\skilldex\p_frtfnd.png  # Fortune Finder
322    art\skilldex\p_btrcrt.png  # Better Criticals
323    art\skilldex\p_empthy.png  # Empathy
324    art\skilldex\p_slayer.png  # Slayer
325    art\skilldex\p_sniper.png  # Sniper
326    art\skilldex\p_slntdt.png  # Silent Death
327    art\skilldex\p_action.png  # Action Boy
328    art\skilldex\p_mntlbk.png  # Mental Block
329    art\skilldex\p_lifegv.png  # Lifegiver
330    art\skilldex\p_dodger.png  # Dodger
331    art\skilldex\p_snkeat.png  # Snakeater
332    art\skilldex\p_mrfxit.png  # Mr Fixit
333    art\skilldex\p_medic.png   # Medic
334    art\skilldex\p_mstthf.png  # Master Thief
335    art\skilldex\p_speakr.png  # Speaker
336    art\skilldex\p_haveho.png  # Heave Ho
337    art\skilldex\p_frnfoe.png  # Friendly Foe
338    art\skilldex\p_pckpck.png  # Pickpocket
339    art\skilldex\p_ghost.png   # Ghost
340    art\skilldex\p_cltper.png  # Cult of Personality
341    art\skilldex\p_scorge.png  # Scrounger
342    art\skilldex\p_explor.png  # Explorer
343    art\skilldex\p_flower.png  # Flower Child
344    art\skilldex\p_pthfnd.png  # Pathfinder
345    art\skilldex\p_animfr.png  # Animal Friend
346    art\skilldex\p_scout.png   # Scout
347    art\skilldex\p_mstrng.png  # Mysterious Stranger
348    art\skilldex\p_ranger.png  # Ranger
349    art\skilldex\p_qckpck.png  # Quick Pockets
350    art\skilldex\p_smotlk.png  # Smooth Talker
351    art\skilldex\p_swftl2.png  # Swift Learner
352    art\skilldex\p_tag.png     # Tag
353    art\skilldex\p_mutate.png  # Mutate

354    art\skilldex\j_armorr.png  # Profession: Armorer
355    art\skilldex\j_smlgun.png  # Profession: Gunsmith (Small Guns)
356    art\skilldex\j_biggun.png  # Profession: Gunsmith (Big Guns)
357    art\skilldex\j_enegun.png  # Profession: Energy Expert
358    art\skilldex\P_DEMO.FRM    # Profession: Demolition Expert
359    art\skilldex\P_DOCTOR.FRM  # Profession: Doctor
360    art\skilldex\P_DRUGST.FRM  # Profession: Mordino Chemist
361    art\skilldex\P_THIEF.FRM   # Profession: Thief
362    art\skilldex\j_librrn.png  # Profession: Librarian
363    art\skilldex\P_SCOUT.FRM   # Profession: Scout

380    art\skilldex\p_adrenl.png  # Adrenaline Rush
381    art\skilldex\p_cautio.png  # Cautious Nature
382    art\skilldex\p_compre.png  # Comprehension
383    art\skilldex\p_traps.png   # Demolition Expert
384    art\skilldex\p_gamblr.png  # Gambler
385    art\skilldex\p_gainst.png  # Gain Strength
386    art\skilldex\p_gainpe.png  # Gain Perception
387    art\skilldex\p_gainen.png  # Gain Endurance
388    art\skilldex\p_gainch.png  # Gain Charisma
389    art\skilldex\p_gainin.png  # Gain Intelligence
390    art\skilldex\p_gainag.png  # Gain Agility
391    art\skilldex\p_gainlk.png  # Gain Luck
392    art\skilldex\p_harmls.png  # Harmless
393    art\skilldex\p_hernow.png  # Here and Now
394    art\skilldex\p_h2hevd.png  # Hand to Hand Evade
395    art\skilldex\p_kamstr.png  # Kama Sutra Master
396    art\skilldex\p_krmbcn.png  # Karma Beacon
397    art\skilldex\p_ltstep.png  # Light Step
398    art\skilldex\p_lanatm.png  # Living Anatomy
399    art\skilldex\p_magper.png  # Magnetic Personality
400    art\skilldex\p_negotr.png  # Negotiator
401    art\skilldex\p_pacrat.png  # Pack Rat
402    art\skilldex\p_pyromn.png  # Pyromaniac
403    art\skilldex\p_qurecw.png  # Quick Recovery
404    art\skilldex\p_salesm.png  # Salesman
405    art\skilldex\p_stnwal.png  # Stonewall
406    art\skilldex\p_thief.png   # Thief
407    art\skilldex\p_wpnhan.png  # Weapon Handling

409    art\skilldex\p_alcohp.png  # Alcohol Raised HP

418    art\skilldex\p_wfruit.png  # Way of the Fruit
419    art\skilldex\t_jinxed.png  # Jinxed
420    art\skilldex\p_termin.png  # Terminator

421    art\skilldex\p_treett.png  # Tree Trunk Thigs
422    art\skilldex\p_treett.png  # Iron Limbs
423    art\skilldex\p_manste.png  # Man of Steel
424    art\skilldex\p_evenmc.png  # Even More Criticals
425    art\skilldex\p_rbteye.png  # Right Between the Eyes
426    art\skilldex\p_fstrld.png  # Fast Reload
427    art\skilldex\p_sprpry.png  # Spray and Pray
428    art\skilldex\p_mrrndm.png  # More Ranged Damage
429    art\skilldex\p_lvewre.png  # Livewire

430    art\skilldex\p_gecskn.png  # Gecko Skinning
431    art\skilldex\p_vcinno.png  # Vault City Inoculations
432    art\skilldex\p_dermar.png  # Dermal Armor
433    art\skilldex\p_dermar.png  # Dermal Armor
434    art\skilldex\p_phxarm.png  # Phoenix Armor
435    art\skilldex\p_phxarm.png  # Phoenix Armor

436    art\skilldex\p_hthepl.png  # HtH Evade+
437    art\skilldex\p_dodgep.png  # Dodger+
438    art\skilldex\p_evtoug.png  # Even Tougher
439    art\skilldex\p_healep.png  # Healer+
440    art\skilldex\p_blewea.png  # Blessed are the Weak
441    art\skilldex\p_ngtper.png  # Night Person
442    art\skilldex\p_melish.png  # Melt into Shadow
443    art\skilldex\p_hthdmp.png  # Bonus HtH Damage+
444    art\skilldex\p_inyfac.png  # In Your Face!
445    art\skilldex\p_hittga.png  # Hit the Gaps
446    art\skilldex\p_hthcri.png  # Hth Criticals
447    art\skilldex\p_havho2.png  # Heave Ho!!
448    art\skilldex\p_junkme.png  # Junk Merchant
449    art\skilldex\p_bulktr.png  # Bulk Trader
450    art\skilldex\p_sexapp.png  # Sex Appeal
451    art\skilldex\p_bornle.png  # Born Leader
452    art\skilldex\p_trappe.png  # Trapper
453    art\skilldex\p_handlo.png  # Hand Loader
454    art\skilldex\p_steboy.png  # Stealth Girl
455    art\skilldex\p_boablo.png  # Best of a Bad Lot
456    art\skilldex\p_disman.png  # Dismantler
#457    art\skilldex\p_vigrec.png  # Vigiliant Recycler
458    art\skilldex\p_retent.png  # Retention
459    art\skilldex\p_treahu.png  # Treasure Hunter
460    art\skilldex\p_lockp2.png  # Lockpick perk #2
461    art\skilldex\p_deamaw.png  # Dead Man Walking
462	   art\skilldex\imp_nemean.png # Nemean Armor
463	   art\skilldex\imp_strength.png # Hypertrophy Accelerator
464	   art\skilldex\imp_perception.png # Optics Enhancer
465	   art\skilldex\imp_endurance.png # Nociception Regulator
466	   art\skilldex\imp_charisma.png # Empathy Synthesizer
467	   art\skilldex\imp_intelligence.png # Logic Co-processor
468	   art\skilldex\imp_agility.png # Reflex Booster
469	   art\skilldex\imp_luck.png # Probability Calculator

470    art\skilldex\p_nukcol.png  # Nuka-Cola
471    art\skilldex\p_buffot.png  # Buffout
472    art\skilldex\p_mentat.png  # Mentats
473    art\skilldex\p_psycho.png  # Psycho
474    art\skilldex\p_radawy.png  # Radaway
475    art\skilldex\p_jetadt.png  # Jet
476    art\skilldex\p_tragic.png  # Tragic

480    art\skilldex\r_berser.png  # Reputation (Berserker)
481    art\skilldex\r_champn.png  # Reputation (Champion)
482    art\skilldex\r_chldkl.png  # Reputation (Child Killer)
483    art\skilldex\r_sexprt.png  # Expert (Sex for New Reno)
484    art\skilldex\r_fghter.png  # Fighter Rep
485    art\skilldex\r_gigolo.png  # Gigolo (Sex for New Reno)
486    art\skilldex\r_grvrob.png  # Grave-robber
487    art\skilldex\r_marred.png  # Married Rep
488    art\skilldex\r_pornst.png  # Pornstar (Sex for New Reno)
489    art\skilldex\r_slaver.png  # Slaver Rep
490    art\skilldex\r_virgin.png  # Virgin (Sex for New Reno)
491    art\skilldex\r_madman.png  # Made Man Rep
492    art\skilldex\r_madman.png  # Made Man Rep
493    art\skilldex\r_madman.png  # Made Man Rep
494    art\skilldex\r_madman.png  # Made Man Rep
495    art\skilldex\r_divorc.png  # Divorced/Widowed

500    art\skilldex\ct_poisn.png  # Poisoned
501    art\skilldex\ct_radat.png  # Radiated
502    art\skilldex\ct_eyedm.png  # Eye Damage
503    art\skilldex\ct_armrt.png  # Crippled Right Arm
504    art\skilldex\ct_armlt.png  # Crippled Left Arm
505    art\skilldex\ct_legrt.png  # Crippled Right Leg
506    art\skilldex\ct_leglt.png  # Crippled Left Leg

550    art\skilldex\t_fastme.png  # Fast Metabolism
551    art\skilldex\t_bruser.png  # Bruiser
552    art\skilldex\t_onehnd.png  # One Hander
553    art\skilldex\t_finess.png  # Finesse
554    art\skilldex\t_kamkaz.png  # Kamikaze
555    art\skilldex\t_hvyhnd.png  # Heavy Handed
556    art\skilldex\t_fstsht.png  # Fast Shot
557    art\skilldex\t_bldmes.png  # Bloody Mess
558    art\skilldex\t_jinxed.png  # Jinxed
559    art\skilldex\t_gdnatr.png  # Good Natured
560    art\skilldex\t_chemrl.png  # Drug Addict
561    art\skilldex\t_bnhead.png  # Bonehead
562    art\skilldex\t_skilld.png  # Skilled
563    art\skilldex\t_loner.png   # Loner
#554    art\skilldex\t_smlfrm.png  # Small Frame
#565    art\skilldex\t_drgres.png  # Drug Resistant
#566    art\skilldex\t_gifted.png  # Gifted

#
# Character tabs
#

1000   art\skilldex\ct_perks.png  # Perks
1001   art\skilldex\ct_kills.png  # Kills
1002   art\skilldex\ct_karma.png  # Karma
1003   art\skilldex\ct_trait.png  # Traits
1004   art\skilldex\ct_reput.png  # Reputation (Good/Bad)
1005   art\skilldex\ct_skill.png  # Skills/Tag Skills/Skill Points
1006   art\skilldex\ct_lvlnx.png  # Next Level
1007   art\skilldex\ct_addct.png  # Drug addiction
1008   art\skilldex\ct_alcoh.png  # Alcohol addiction

#
# Whole reputation
#

2000   art\skilldex\r_savior.png  # Savior of the Damned
2001   art\skilldex\r_guardn.png  # Guardian Rep
2002   art\skilldex\r_shldhp.png  # Shield of Hope Rep
2003   art\skilldex\r_defend.png  # Defender Rep
2004   art\skilldex\r_wander.png  # Wanderer Rep
2005   art\skilldex\r_betray.png  # Betrayer
2006   art\skilldex\r_despar.png  # Despair Rep
2007   art\skilldex\r_scourg.png  # Scourge Rep
2008   art\skilldex\r_demon.png   # Demon Rep

#
# Town reputation
#

2100   art\skilldex\r_idolzd.png  # Idolized Rep
2101   art\skilldex\r_liked.png   # Liked Rep
2102   art\skilldex\r_accept.png  # Accepted
2103   art\skilldex\r_neutrl.png  # Neutral Rep
2104   art\skilldex\r_antiph.png  # Antipathy
2105   art\skilldex\r_hated.png   # Hated Rep
2106   art\skilldex\r_villfd.png  # Villified Rep