#
# Definitions
# Letters before ~ truncated
#

*0
0      ---STATS---
0      Strength
1      Perception
2      Endurance
3      Charisma
4      Intellect
5      Agility
6      Luck

*200
0      ---SKILLS---
0      SmallGuns
1      BigGuns
2      EnergyWeapons
3      Unarmed
4      MeleeWeapons
5      Throwing
6      FirstAid
7      Doctor
8      Sneak
9      Lockpick
10     Steal
11     Traps
12     Science
13     Repair
14     Speech
15     Barter
16     Gambling
17     Outdoorsman

*90
0      ---VARS---
0      Var0
1      Var1
2      Var2
3      Var3
4      Var4
5      Var5
6      Var6
7      Var7
8      Var8
9      Var9

*0
0      ---Factions/Groups---
1      FACTION_NONE
2      FACTION_BOS
3      FACTION_ENCLAVE
4      FACTION_UNITY
5      FACTION_NCR
6      FACTION_VAULT_CITY
7      FACTION_RAIDERS
8      FACTION_MORDINOS
9      FACTION_SLAVERS_GUILD
10     FACTION_SLAGS
11     FACTION_KOKOWEEF
12     FACTION_MORNINGSTAR
13     FACTION_BH_HUMANS
14     FACTION_BH_MUTANTS
15     FACTION_WRIGHTS
16     FACTION_BISHOPS
17     FACTION_SALVATORES
18     FACTION_NCR_RANGERS
19     FACTION_VORTIS_SLAVERS
20     FACTION_COMMUNISTS
21     FACTION_VAGRANTS
22     FACTION_CRYPTS
23     FACTION_FOOLS
24     FACTION_HUB_CRIMINALS
25     FACTION_CRIMSON_CARAVANS
26     FACTION_FARGO_TRADERS
27     FACTION_WATER_MERCHANTS
28     FACTION_HEIGHTS
29     FACTION_REGULATORS
30     FACTION_SCAVENGERS
31     FACTION_GUNRUNNERS
32     FACTION_FOLLOWERS
33     FACTION_BOUNTY_HUNTERS
34     FACTION_FREE_TRADERS
35     FACTION_GUTTERSNIPES
36     FACTION_FLC
37     FACTION_SLAVES
38     FACTION_LARAS_GANG
39     FACTION_CHILDREN
40     FACTION_NR_PIMPS
41     FACTION_ELRONOLOGISTS
42     FACTION_CATHEDRAL
43     FACTION_CORSICAN_BROTHERS
80     FACTION_KLAMATH
81     FACTION_DEN
82     FACTION_MODOC
83     FACTION_COURTYARD
84     FACTION_GECKO
85     FACTION_REDDING
86     FACTION_BH_GHOULS
87     FACTION_NEW_RENO
88     FACTION_NECROPOLIS
89     FACTION_JUNKTOWN
90     FACTION_HUB
91     FACTION_LA

*0
0      ---ANIM1---
1      Anim1Unarmed
4      Anim1Knife
5      Anim1Club
6      Anim1Hammer
7      Anim1Spear
8      Anim1Pistol
9      Anim1SMG
10     Anim1Shootgun
11     Anim1HeavyRifle
12     Anim1Minigun
13     Anim1RocketLauncher
14     Anim1Flamer
15     Anim1Rifle
16     Anim1Sword
17     Anim1LongSword
18     Anim1Axe
19     Anim1Bow

*0
0      ---ANIM2---
1      Anim2Idle
2      Anim2IdleStunned
3      Anim2Walk
4      Anim2Limp
5      Anim2Run
6      Anim2PanicRun
7      Anim2SneakWalk
8      Anim2SneakRun
10     Anim2Stand
11     Anim2Crouch
12     Anim2Prone
20     Anim2ShowWeapon
21     Anim2HideWeapon
22     Anim2PrepareWeapon
23     Anim2TurnoffWeapon
24     Anim2Fidget
26     Anim2Climbing
27     Anim2PickUp
28     Anim2Use
29     Anim2SwitchItems
30     Anim2Reload
31     Anim2Repair
35     Anim2Loot
36     Anim2Steal
37     Anim2Push
40     Anim2BeginCombat
41     Anim2IdleCombat
42     Anim2EndCombat
43     Anim2PunchRight
44     Anim2PunchLeft
45     Anim2PunchCombo
46     Anim2KickHi
47     Anim2KickLo
48     Anim2KickCombo
49     Anim2Thrust1H
50     Anim2Thrust2H
51     Anim2Swing1H
52     Anim2Swing2H
53     Anim2Throw
54     Anim2Single
55     Anim2Burst
56     Anim2Sweep
57     Anim2Butt
58     Anim2Flame
59     Anim2NoRecoil
70     Anim2DodgeFront
71     Anim2DodgeBack
72     Anim2DamageFront
73     Anim2DamageBack
74     Anim2DamageMulFront
75     Anim2DamageMulBack
76     Anim2WalkDamageFront
77     Anim2WalkDamageBack
78     Anim2LimpDamageFront
79     Anim2LimpDamageBack
80     Anim2RunDamageFront
81     Anim2RunDamageBack
82     Anim2KnockFront
83     Anim2KnockBack
84     Anim2LaydownFront
85     Anim2LaydownBack
86     Anim2IdleProneFront
87     Anim2IdleProneBack
88     Anim2StandupFront
89     Anim2StandupBack
90     Anim2DamageProneFront
91     Anim2DamageProneBack
92     Anim2DamageMulProneFront
93     Anim2DamageMulProneBack
94     Anim2TwitchProneFront
95     Anim2TwitchProneBack
100    Anim2DeadProneFront
101    Anim2DeadProneBack
102    Anim2DeadFront
103    Anim2DeadBack
110    Anim2DeadBloodySingle
111    Anim2DeadBloodyBurst
112    Anim2DeadBurst
113    Anim2DeadPulse
114    Anim2DeadPulseDust
115    Anim2DeadLaser
116    Anim2DeadFused
117    Anim2DeadExplode
118    Anim2DeadBurn
119    Anim2DeadBurnRun

*0
0 ---CritterTypes---
0 CRTYPE_DEFAULT
1 CRTYPE_POWER_ARMOR
2 CRTYPE_ROBE_PURPLE
3 CRTYPE_FEMALE_COMBAT_ARMOR
4 CRTYPE_FEMALE_JUMPSUIT
5 CRTYPE_FEMALE_LEATHER_ARMOR
6 CRTYPE_FEMALE_LEATHER_JACKET
7 CRTYPE_FEMALE_METAL_ARMOR
8 CRTYPE_BLACKMALE_VAULT13SUIT
9 CRTYPE_BLACKMALE_METAL_ARMOR
10 CRTYPE_MALE_COMBAT_ARMOR
11 CRTYPE_MALE_JUMPSUIT
12 CRTYPE_MALE_LEATHER_ARMOR
13 CRTYPE_MALE_LEATHER_JACKET
14 CRTYPE_MALE_METAL_ARMOR
15 CRTYPE_BRAHMIN
16 CRTYPE_DOG
17 CRTYPE_MRHANDY
19 CRTYPE_MOLERAT
20 CRTYPE_NIGHTKIN
21 CRTYPE_MUTANT
22 CRTYPE_SCORPION
23 CRTYPE_FLOATER
24 CRTYPE_RAT
25 CRTYPE_CENTAUR
26 CRTYPE_ROBE_BLUE
27 CRTYPE_MALE_KID
28 CRTYPE_GHOUL
29 CRTYPE_GLOWING_ONE
30 CRTYPE_PA_BOS
31 CRTYPE_MONK
33 CRTYPE_WOMAN_1
34 CRTYPE_PUNK
35 CRTYPE_METALARMOR_FEMALE_YP
36 CRTYPE_WOMAN_2
37 CRTYPE_KURWA
38 CRTYPE_REDHAIR_FEMALE
39 CRTYPE_POOR_BLACKMALE
40 CRTYPE_POOR_MAN
41 CRTYPE_PROPER_MAN
42 CRTYPE_DWARF
43 CRTYPE_BEGGAR
44 CRTYPE_TYCHO
45 CRTYPE_RAIDER
48 CRTYPE_CLERK
49 CRTYPE_RESERVED
51 CRTYPE_DEATHCLAW
52 CRTYPE_MANTIS
53 CRTYPE_ROBOT
54 CRTYPE_ROBOT_2
55 CRTYPE_PIGRAT
56 CRTYPE_ROBE_BROWN
57 CRTYPE_BUTCHER
58 CRTYPE_EGG
59 CRTYPE_SCORPION_SMALL
60 CRTYPE_DEATHCLAW_SMALL
61 CRTYPE_FEMALE_TRIBAL
62 CRTYPE_MALE_TRIBAL
64 CRTYPE_MALE_SULIK
65 CRTYPE_SPORE_PLANT
66 CRTYPE_MECH
67 CRTYPE_GECKO_SMALL
68 CRTYPE_GECKO
69 CRTYPE_MALE_VAULTSUIT
70 CRTYPE_DOG_ROBOT
71 CRTYPE_ENCLAVE
72 CRTYPE_AHS
73 CRTYPE_KITTY
74 CRTYPE_FEMALE_VAULTSUIT
76 CRTYPE_RAT_GOD
77 CRTYPE_MOBSTER_BLUE
78 CRTYPE_MOBSTER_GRAY
79 CRTYPE_GHOUL_GECKO
80 CRTYPE_ALIEN
81 CRTYPE_GECKO_FIRE
82 CRTYPE_MALE_CHINESE
83 CRTYPE_LYNETTE
84 CRTYPE_ROBE_GRAY
85 CRTYPE_FRANK
86 CRTYPE_ALIEN_SILVER
87 CRTYPE_NCR_POLICE
88 CRTYPE_MYRON
89 CRTYPE_SCIENTIST
90 CRTYPE_BIGTURRET
91 CRTYPE_VIC
92 CRTYPE_CHINESE_GUARD_RED
93 CRTYPE_CHINESE_GUARD_BLUE
94 CRTYPE_FEMALE_CHINESE
95 CRTYPE_CYBORG
96 CRTYPE_BOXER
97 CRTYPE_ANT
98 CRTYPE_SALVADORE
99 CRTYPE_BEAR
100 CRTYPE_DEATHCLAW_SPECIAL
101 CRTYPE_TURRET
102 CRTYPE_FRANK_CORPSE
103 CRTYPE_FEMALE_KID
104 CRTYPE_METZGER
105 CRTYPE_MASTER
106 CRTYPE_LHD_JUMPSUIT
107 CRTYPE_LHD_LEATHER_ARMOR
108 CRTYPE_LHD_LEATHER_JACKET
109 CRTYPE_LHD_METAL_ARMOR
110 CRTYPE_LHD_TRIBAL
111 CRTYPE_FEMALE_CABLACK
112 CRTYPE_MALE_CABLACK
113 CRTYPE_FEMALE_CARANGER
114 CRTYPE_MALE_CARANGER
115 CRTYPE_MYRON_CA
116 CRTYPE_MYRON_PA
117 CRTYPE_RED_PLANT
118 CRTYPE_MALE_METAL_ARMOR_BLACK
119 CRTYPE_KHAN_LONGHAIR
120 CRTYPE_LIEUTANANT
121 CRTYPE_VC_TURRET
122 CRTYPE_BHD_LEATHER_JACKET
123 CRTYPE_BHD_JUMPSUIT
124 CRTYPE_BHD_LEATHER_ARMOR
125 CRTYPE_BHD_METAL_ARMOR
126 CRTYPE_BHD_TRIBAL
127 CRTYPE_ROBE_SAND
128 CRTYPE_OLD_IAN
129 CRTYPE_MALE_COMBAT_ARMOR_BALD
130 CRTYPE_DOG_RED
131 CRTYPE_GIZMO
132 CRTYPE_MAADOG
133 CRTYPE_MALE_LEATHER_JACKET_Z
134 CRTYPE_PUNK_LA
135 CRTYPE_PASHTSHUUR
136 CRTYPE_PUNK_MA
137 CRTYPE_PUNK_JUMPSUIT
138 CRTYPE_PUNK_PRIMITIVE
139 CRTYPE_FEMALE_CADESERT
140 CRTYPE_MALE_CADESERT
141 CRTYPE_ROBE_RED
142 CRTYPE_PRIMITIVE_MALE_BLACK
143 CRTYPE_MALE_LEATHER_BLACK
144 CRTYPE_MALE_LONGHAIR_BROWN_PANTS
145 CRTYPE_VIC_LJ
146 CRTYPE_VIC_LA
147 CRTYPE_VIC_MA
148 CRTYPE_VIC_CA
149 CRTYPE_VIC_PA
150 CRTYPE_BALD_PA
151 CRTYPE_MALE_JUMPSUIT_BLACK
152 CRTYPE_RED_GHOUL
153 CRTYPE_LIGHT_GREEN_GHOUL
154 CRTYPE_BLUE_ROBOT
155 CRTYPE_SULIK_LJ
156 CRTYPE_SULIK_LA
157 CRTYPE_SULIK_MA
158 CRTYPE_SULIK_CA
159 CRTYPE_SULIK_PA
160 CRTYPE_MALE_LEATHER_ARMOR_MK2
161 CRTYPE_FEMALE_LEATHER_ARMOR_MK2
162 CRTYPE_MALE_RED_VAULT_SUIT
163 CRTYPE_FEMALE_RED_VAULT_SUIT
164 CRTYPE_CASSIDY
165 CRTYPE_VAULT_BOXER
166 CRTYPE_PUNK_LEATHER_JACKET
#200 CRTYPE_3D_MALE_NORMAL
#201 CRTYPE_3D_MALE_WIRY
#202 CRTYPE_3D_MALE_STRONG
#203 CRTYPE_3D_MALE_FAT
#204 CRTYPE_3D_MALE_SKELETON
#205 CRTYPE_3D_FEMALE_NORMAL
#206 CRTYPE_3D_FEMALE_WIRY
#207 CRTYPE_3D_FEMALE_STRONG
#208 CRTYPE_3D_FEMALE_FAT
#209 CRTYPE_3D_FEMALE_SKELETON
#210 CRTYPE_3D_ANT
#211 CRTYPE_3D_ANT_QUEEN
#212 CRTYPE_3D_BAT
#214 CRTYPE_3D_BEETLE
#215 CRTYPE_3D_CENTIPEDE
#216 CRTYPE_3D_TIGER
#217 CRTYPE_3D_COW
#218 CRTYPE_3D_DEATHCLAW
#219 CRTYPE_3D_DESERT_STALKER
#220 CRTYPE_3D_DOG
#223 CRTYPE_3D_MAN_TRAP
#224 CRTYPE_3D_RAD_TOAD
#225 CRTYPE_3D_RAT
#226 CRTYPE_3D_THORNSLINGER
#227 CRTYPE_3D_GIANT_WASP
